t =    0.0000 CONTINUE SOLVER BD 0.020 0.0001 0. ALL                                                                                            
t =    0.0000 CONTINUE SOLVER BD 0.020 0.0001 0. ALL                                                                                            
t =   19.7213 FAULT BUS N1 0.001775 0.003235                                                                                                    
t =   19.7213 FAULT BUS N1 0.001775 0.003235                                                                                                    
t =   19.7415 REP UDIM IBG3i                PV1                     2      0      1
t =   19.7415 REP UDIM IBG3i                PV1                     3      0      1
t =   19.7415 REP UDIM IBG3i                PV1                     5      0     -1
t =   19.7415 REP UDIM IBG3i                PV1                     6      0     -1
t =   19.7415 REP UDIM IBG3i                PV1                     7     -1      0
t =   19.7415 REP UDIM IBG3i                PV1                    18      1      2
t =   19.7415 LIM UDIM IBG3i                PV1                    19      1      2
t =   19.7415 LIM UDIM IBG3i                PV1                     3      1      0
t =   19.7415 LIM UDIM IBG3i                PV1                     5     -1      0
t =   19.7415 LIM UDIM IBG3i                PV1                     7      0      1
t =   19.7415 Limit cycle detected          (   0 EXC    0 TOR    3 INJ    0 TWOP)
t =   19.7216 REP UDIM IBG3i                PV1                     3      0      1
t =   19.7315 REP UDIM IBG3i                PV1                     6      0     -1
t =   19.7315 REP UDIM IBG3i                PV1                     7     -1      0
t =   19.7315 REP UDIM IBG3i                PV1                    18      1      2
t =   19.7315 REP UDIM IBG3i                PV1                    19      1      2
t =   19.7315 REP UDIM IBG3i                PV1                     2      0      1
t =   19.7315 REP UDIM IBG3i                PV1                     5      0      1
t =   19.7315 LIM UDIM IBG3i                PV1                     3      1      0
t =   19.7315 Limit cycle detected          (   0 EXC    0 TOR    1 INJ    0 TWOP)
t =   19.7218 REP UDIM IBG3i                PV1                     6      0     -1
t =   19.7218 REP UDIM IBG3i                PV1                    18      1      2
t =   19.7266 REP UDIM IBG3i                PV1                     7     -1      0
t =   19.7266 REP UDIM IBG3i                PV1                     9      0     -1
t =   19.7266 REP UDIM IBG3i                PV1                    24      0     -1
t =   19.7266 REP UDIM IBG3i                PV1                    28      0     -1
t =   19.7466 REP UDIM IBG3i                PV1                     2      0      1
t =   19.7466 REP UDIM IBG3i                PV1                     5      0      1
t =   19.7466 REP UDIM IBG3i                PV1                     7      0      1
t =   19.7466 REP UDIM IBG3i                PV1                    19      1      2
t =   19.7466 REP UDIM IBG3i                PV1                     3      1      0
t =   19.7466 REP UDIM IBG3i                PV1                     8      1     -1
t =   19.7466 LIM UDIM IBG3i                PV1                     9     -1      0
t =   19.7466 Limit cycle detected          (   0 EXC    0 TOR    1 INJ    0 TWOP)
t =   19.7366 REP UDIM IBG3i                PV1                     2      0      1
t =   19.7366 REP UDIM IBG3i                PV1                     5      0      1
t =   19.7366 REP UDIM IBG3i                PV1                     7      0      1
t =   19.7366 REP UDIM IBG3i                PV1                    19      1      2
t =   19.7366 REP UDIM IBG3i                PV1                     3      1      0
t =   19.7366 REP UDIM IBG3i                PV1                     8      1     -1
t =   19.7366 LIM UDIM IBG3i                PV1                     9     -1      0
t =   19.7366 Limit cycle detected          (   0 EXC    0 TOR    1 INJ    0 TWOP)
t =   19.7317 REP UDIM IBG3i                PV1                     2      0      1
t =   19.7317 REP UDIM IBG3i                PV1                     5      0      1
t =   19.7317 REP UDIM IBG3i                PV1                    19      1      2
t =   19.7317 REP UDIM IBG3i                PV1                     3      1      0
t =   19.7517 REP UDIM IBG3i                PV1                     7      0      1
t =   19.7517 REP UDIM IBG3i                PV1                     8      1     -1
t =   19.7517 REP UDIM IBG3i                PV1                     9     -1      0
t =   19.7717 REP UDIM IBG3i                PV1                    10      2      1
t =   19.7717 REP UDIM IBG3i                PV1                    11      0      1
t =   19.8134 CLEAR BUS N1                                                                                                                      
t =   19.8134 CLEAR BUS N1                                                                                                                      
t =   19.8336 REP UDIM IBG3i                PV1                     5      1      0
t =   19.8336 REP UDIM IBG3i                PV1                     6     -1      0
t =   19.8336 REP UDIM IBG3i                PV1                     7      1     -1
t =   19.8336 REP UDIM IBG3i                PV1                    13      1      3
t =   19.8336 REP UDIM IBG3i                PV1                    18      2      1
t =   19.8336 REP UDIM IBG3i                PV1                    19      2      1
t =   19.8336 LIM UDIM IBG3i                PV1                     2      1      0
t =   19.8336 LIM UDIM IBG3i                PV1                     3      0      1
t =   19.8336 LIM UDIM IBG3i                PV1                     6      0      1
t =   19.8336 LIM UDIM IBG3i                PV1                    13      3      1
t =   19.8336 Limit cycle detected          (   0 EXC    0 TOR    4 INJ    0 TWOP)
t =   19.8236 REP UDIM IBG3i                PV1                     5      1      0
t =   19.8236 REP UDIM IBG3i                PV1                    19      2      1
t =   19.8236 REP UDIM IBG3i                PV1                     2      1      0
t =   19.8236 REP UDIM IBG3i                PV1                     3      0      1
t =   19.8436 REP UDIM IBG3i                PV1                     7      1     -1
t =   19.8636 REP UDIM IBG3i                PV1                     6     -1      0
t =   19.8636 REP UDIM IBG3i                PV1                    18      2      1
t =   19.8836 REP UDIM IBG3i                PV1                     6      0      1
t =   19.9236 REP UDIM IBG3i                PV1                     6      1      0
t =   20.5836 REP UDIM IBG3i                PV1                     3      1      0
t =   21.3236 REP UDIM IBG3i                PV1                    11      1      0
t =   24.7636 REP UDIM IBG3i                PV1                     9      0      1
